// Jest Snapshot v1, https://goo.gl/fbAQLP

exports[`InfoContainer Component should render  1`] = `ShallowWrapper {}`;
